
  x Font downloader must be called with an options object
   ,-[input.js:3:1]
 3 | Inter()
   : ^^^^^^^
   `----
