
  x Font loader must be called with an options object
   ,-[input.js:3:1]
 3 | Inter(10)
   : ^^^^^^^^^
   `----

  x Font loader must be called with an options object
   ,-[input.js:5:1]
 5 | const s = Sacramento(obj)
   :           ^^^^^^^^^^^^^^^
   `----
