
  x Font loader must be called with an options object
   ,-[input.js:3:1]
 3 | Inter()
   : ^^^^^^^
   `----

  x Font loader must be called with an options object
   ,-[input.js:4:1]
 4 | const inter = Inter()
   :               ^^^^^^^
   `----
