
  x Font downloader must be called with an options object
   ,-[input.js:3:1]
 3 | Inter(10)
   : ^^^^^^^^^
   `----

  x Font downloader must be called with an options object
   ,-[input.js:4:1]
 4 | const s = Sacramento([''])
   :           ^^^^^^^^^^^^^^^^
   `----
