
  x Font downloaders only accepts 1 argument
   ,-[input.js:3:1]
 3 | const inter = Inter({}, 10)
   :               ^^^^^^^^^^^^^
   `----
