
  x Font loader must be called with an options object
   ,-[input.js:3:1]
 3 | const s = Sacramento(obj)
   :           ^^^^^^^^^^^^^^^
   `----

  x Font loader must be called with an options object
   ,-[input.js:4:1]
 4 | const s = Sacramento(10)
   :           ^^^^^^^^^^^^^^
   `----
