
  x Font downloaders can only be used in the module scope
   ,-[input.js:4:1]
 4 | const a = (b = Aladin({ variant: '400' }))
   :                ^^^^^^
   `----

  x Font downloaders can only be used in the module scope
   ,-[input.js:7:3]
 7 | const a = Aladin({
   :           ^^^^^^
   `----

  x Font downloaders can only be used in the module scope
    ,-[input.js:14:5]
 14 | Aladin({
    : ^^^^^^
    `----

  x Font downloaders can only be used in the module scope
    ,-[input.js:21:3]
 21 | Aladin({})
    : ^^^^^^
    `----
